Screen.hpp:104:18:virtual void touchgfx::Screen::afterTransition()	0	static
Screen.hpp:154:18:virtual void touchgfx::Screen::handleKeyEvent(uint8_t)	0	static
Screen3View.cpp:18:6:virtual void Screen3View::tearDownScreen()	0	static
Screen3View.hpp:11:13:Screen3View::~Screen3View()	8	static
Screen3View.hpp:11:13:virtual Screen3View::~Screen3View()	8	static
Screen3View.cpp:4:1:Screen3View::Screen3View()	8	static
Screen3View.cpp:30:6:void Screen3View::setRotationSpeed(int)	0	static
Screen3View.cpp:8:6:virtual void Screen3View::setupScreen()	8	static
Screen3View.cpp:23:6:virtual void Screen3View::handleTickEvent()	4	static
Screen3View.cpp:35:6:void Screen3View::updatePollution(int)	16	static
